Microchip MPLAB XC8 Compiler V2.40

Linker command line:

-W-3 \
  --edf=C:\Program Files\Microchip\xc8\v2.40\pic\dat\20220703182018_en.msgs \
  -cn -h+dist/default/production\pic_drivers.production.sym \
  --cmf=dist/default/production\pic_drivers.production.cmf -z -Q18F4620 \
  -oC:\Users\GPU_Tech\AppData\Local\Temp\xcAsk90.4 --defsym=__MPLAB_BUILD=1 \
  --fixupoverflow=error \
  -Mdist/default/production/pic_drivers.production.map \
  --md=C:\Users\GPU_Tech\AppData\Local\Temp\xcAsk90.dat -E1 \
  -ver=XC8 Compiler --acfsm=1493 -ACODE=00h-0FFFFh -ACONST=00h-0FFFFh \
  -ASMALLCONST=01000h-010FFhx240 -AMEDIUMCONST=01000h-0FFFFh \
  -ACOMRAM=01h-07Fh -AABS1=00h-0F7Fh -ABIGRAM=01h-0F7Fh \
  -ARAM=080h-0FFh,0100h-01FFhx14,0F00h-0F7Fh -ABANK0=080h-0FFh \
  -ABANK1=0100h-01FFh -ABANK2=0200h-02FFh -ABANK3=0300h-03FFh \
  -ABANK4=0400h-04FFh -ABANK5=0500h-05FFh -ABANK6=0600h-06FFh \
  -ABANK7=0700h-07FFh -ABANK8=0800h-08FFh -ABANK9=0900h-09FFh \
  -ABANK10=0A00h-0AFFh -ABANK11=0B00h-0BFFh -ABANK12=0C00h-0CFFh \
  -ABANK13=0D00h-0DFFh -ABANK14=0E00h-0EFFh -ABANK15=0F00h-0F7Fh \
  -ASFR=0F80h-0FFFh -ABIGSFR=0F80h-0FFFh -ACONFIG=0300000h-030000Dh \
  -AIDLOC=0200000h-0200007h -AEEDATA=0F00000h-0F003FFh -peeprom_data=EEDATA \
  -preset_vec=00h,intcode=08h,intcodelo,powerup,init -pramtop=01000h \
  -psmallconst=SMALLCONST -pmediumconst=MEDIUMCONST -pconst=CONST \
  -AFARRAM=00h-00h \
  -prdata=COMRAM,nvrram=COMRAM,nvbit=COMRAM,rbss=COMRAM,rbit=COMRAM \
  -pfarbss=FARRAM,fardata=FARRAM,nvFARRAM=FARRAM \
  -pintsave_regs=BIGRAM,bigbss=BIGRAM,bigdata=BIGRAM -pbss=RAM \
  -pidata=CODE,irdata=CODE,ibigdata=CODE,ifardata=CODE -prparam=COMRAM \
  C:\Users\GPU_Tech\AppData\Local\Temp\xcAsk90.o \
  dist/default/production\pic_drivers.production.o 

Object code version is 3.11

Machine type is 18F4620



                Name                               Link     Load   Length Selector   Space Scale
C:\Users\GPU_Tech\AppData\Local\Temp\xcAsk90.o
                idloc                            200000   200000        8        0       5
                config                           300000   300000        E        0       4
                init                                  E        E        4        4       0
                reset_vec                             0        0        4        0       0
dist/default/production\pic_drivers.production.o
                intcode                               8        8        6        4       0
                idloc                            200000   200000        8        0       5
                config                           300000   300000        E        0       4
                temp                                 5F       5F        1        1       1
                smallconst                         1000     1000       12      800       0
                text21                             193C     193C        4      C96       0
                text20                             1938     1938        4      C96       0
                text19                             1934     1934        4      C96       0
                text18                             1930     1930        4      C96       0
                text17                             192C     192C        4      C96       0
                text16                             14E6     14E6       76      809       0
                text15                             17A2     17A2       54      809       0
                text14                             162A     162A       66      809       0
                text13                             1842     1842       38      809       0
                text12                             18AA     18AA       2E      809       0
                intcode_body                       1222     1222       F6      809       0
                text10                             1012     1012      10E      809       0
                text9                              1120     1120      102      809       0
                text8                              155C     155C       68      809       0
                text7                              17F6     17F6       4C      809       0
                text6                              13BA     13BA       9C      809       0
                text5                              16F2     16F2       5A      809       0
                text4                              1318     1318       A2      809       0
                text3                              1456     1456       90      809       0
                text2                              1690     1690       62      809       0
                text1                              15C4     15C4       66      809       0
                text0                              187A     187A       30      809       0
                cstackCOMRAM                         2B       2B       25        1       1
                dataBANK0                            80       80       29       80       1
                dataCOMRAM                            1        1       2A        1       1
                bssCOMRAM                            50       50        F        1       1
                cinit                              174C     174C       56      809       0
                idataBANK0                         1902     1902       29      809       0
                idataCOMRAM                        18D8     18D8       2A      809       0

TOTAL           Name                               Link     Load   Length     Space
        CLASS   CODE           
                intcode                               8        8        6         0
                init                                  E        E        4         0
                reset_vec                             0        0        4         0
                text21                             193C     193C        4         0
                text20                             1938     1938        4         0
                text19                             1934     1934        4         0
                text18                             1930     1930        4         0
                text17                             192C     192C        4         0
                text16                             14E6     14E6       76         0
                text15                             17A2     17A2       54         0
                text14                             162A     162A       66         0
                text13                             1842     1842       38         0
                text12                             18AA     18AA       2E         0
                intcode_body                       1222     1222       F6         0
                text10                             1012     1012      10E         0
                text9                              1120     1120      102         0
                text8                              155C     155C       68         0
                text7                              17F6     17F6       4C         0
                text6                              13BA     13BA       9C         0
                text5                              16F2     16F2       5A         0
                text4                              1318     1318       A2         0
                text3                              1456     1456       90         0
                text2                              1690     1690       62         0
                text1                              15C4     15C4       66         0
                text0                              187A     187A       30         0
                cinit                              174C     174C       56         0
                idataBANK0                         1902     1902       29         0
                idataCOMRAM                        18D8     18D8       2A         0

        CLASS   CONST          

        CLASS   SMALLCONST     
                smallconst                         1000     1000       12         0

        CLASS   MEDIUMCONST    

        CLASS   COMRAM         
                temp                                 5F       5F        1         1
                cstackCOMRAM                         2B       2B       25         1
                dataCOMRAM                            1        1       2A         1
                bssCOMRAM                            50       50        F         1

        CLASS   ABS1           

        CLASS   BIGRAM         

        CLASS   RAM            

        CLASS   BANK0          
                dataBANK0                            80       80       29         1

        CLASS   BANK1          

        CLASS   BANK2          

        CLASS   BANK3          

        CLASS   BANK4          

        CLASS   BANK5          

        CLASS   BANK6          

        CLASS   BANK7          

        CLASS   BANK8          

        CLASS   BANK9          

        CLASS   BANK10         

        CLASS   BANK11         

        CLASS   BANK12         

        CLASS   BANK13         

        CLASS   BANK14         

        CLASS   BANK15         

        CLASS   SFR            

        CLASS   BIGSFR         

        CLASS   CONFIG         
                config                           300000   300000        E         4

        CLASS   IDLOC          
                idloc                            200000   200000        8         5

        CLASS   EEDATA         

        CLASS   FARRAM         

        CLASS   HEAP           

        CLASS   STACK          



SEGMENTS        Name                           Load    Length   Top    Selector   Space  Class

                reset_vec                      000000  000004  000004         0       0  CODE    
                dataCOMRAM                     000001  00005F  000060         1       1  COMRAM  
                intcode                        000008  00000A  000012         4       0  CODE    
                dataBANK0                      000080  000029  0000A9        80       1  BANK0   
                smallconst                     001000  000012  001012       800       0  SMALLCON
                text10                         001012  000919  00192B       809       0  CODE    
                text17                         00192C  000014  001940       C96       0  CODE    


UNUSED ADDRESS RANGES

        Name                Unused          Largest block    Delta
        BANK0            0000A9-0000FF               57
        BANK1            000100-0001FF              100
        BANK10           000A00-000AFF              100
        BANK11           000B00-000BFF              100
        BANK12           000C00-000CFF              100
        BANK13           000D00-000DFF              100
        BANK14           000E00-000EFF              100
        BANK15           000F00-000F7F               80
        BANK2            000200-0002FF              100
        BANK3            000300-0003FF              100
        BANK4            000400-0004FF              100
        BANK5            000500-0005FF              100
        BANK6            000600-0006FF              100
        BANK7            000700-0007FF              100
        BANK8            000800-0008FF              100
        BANK9            000900-0009FF              100
        BIGRAM           000060-00007F               20
                         0000A9-000F7F              ED7
        BIGSFR           000F80-000FFF               80
        CODE             000004-000007                4
                         000012-000FFF              FEE
                         00192B-00192B                1
                         001940-00FFFF             E6C0
        COMRAM           000060-00007F               20
        CONST            000004-000007                4
                         000012-000FFF              FEE
                         00192B-00192B                1
                         001940-00FFFF             E6C0
        EEDATA           F00000-F003FF              400
        MEDIUMCONST      00192B-00192B                1
                         001940-00FFFF             E6C0
        RAM              0000A9-000F7F              100
        SFR              000F80-000FFF               80
        SMALLCONST       00192B-00192B                1
                         001940-00FFFF              100

                                  Symbol Table

TOGGLE_LED@count                      bssCOMRAM    00005C
_ADCON0bits                           (abs)        000FC2
_ADCON1bits                           (abs)        000FC1
_ADCON2bits                           (abs)        000FC0
_ADC_ISR                              text21       00193C
_ADC_InterruptHandler                 bssCOMRAM    00005A
_ADRESH                               (abs)        000FC4
_ADRESL                               (abs)        000FC3
_EEADR                                (abs)        000FA9
_EEADRH                               (abs)        000FAA
_EECON1                               (abs)        000FA6
_EECON1bits                           (abs)        000FA6
_EECON2                               (abs)        000FA7
_EEDATA                               (abs)        000FA8
_INT0_ISR                             text20       001938
_INT0_InterruptHandler                bssCOMRAM    000058
_INT1_ISR                             text19       001934
_INT1_InterruptHandler                bssCOMRAM    000056
_INT2_ISR                             text18       001930
_INT2_InterruptHandler                bssCOMRAM    000054
_INTCON2bits                          (abs)        000FF1
_INTCON3bits                          (abs)        000FF0
_INTCONbits                           (abs)        000FF2
_InterruptManager                     intcode      000008
_LATA                                 (abs)        000F89
_LATB                                 (abs)        000F8A
_LATC                                 (abs)        000F8B
_LATD                                 (abs)        000F8C
_LATE                                 (abs)        000F8D
_PIE1bits                             (abs)        000F9D
_PIR1bits                             (abs)        000F9E
_PORTA                                (abs)        000F80
_PORTB                                (abs)        000F81
_PORTC                                (abs)        000F82
_PORTD                                (abs)        000F83
_PORTE                                (abs)        000F84
_T0CONbits                            (abs)        000FD5
_T1CONbits                            (abs)        000FCD
_TIMER0_ISR                           text17       00192C
_TIMER0_InterruptHandler              bssCOMRAM    000052
_TIMER1_ISR                           text12       0018AA
_TMR0H                                (abs)        000FD7
_TMR0L                                (abs)        000FD6
_TMR1                                 (abs)        000FCE
_TMR1H                                (abs)        000FCF
_TMR1L                                (abs)        000FCE
_TOGGLE_LED                           text13       001842
_TRISA                                (abs)        000F92
_TRISB                                (abs)        000F93
_TRISC                                (abs)        000F94
_TRISD                                (abs)        000F95
_TRISE                                (abs)        000F96
_Timer1_InterruptHandler              bssCOMRAM    000050
__HRAM                                (abs)        000000
__Habs1                               abs1         000000
__Hbank0                              bank0        000000
__Hbank1                              bank1        000000
__Hbank10                             bank10       000000
__Hbank11                             bank11       000000
__Hbank12                             bank12       000000
__Hbank13                             bank13       000000
__Hbank14                             bank14       000000
__Hbank15                             bank15       000000
__Hbank2                              bank2        000000
__Hbank3                              bank3        000000
__Hbank4                              bank4        000000
__Hbank5                              bank5        000000
__Hbank6                              bank6        000000
__Hbank7                              bank7        000000
__Hbank8                              bank8        000000
__Hbank9                              bank9        000000
__Hbigbss                             bigbss       000000
__Hbigdata                            bigdata      000000
__Hbigram                             bigram       000000
__Hbigsfr                             bigsfr       000000
__Hbss                                bss          000000
__HbssCOMRAM                          bssCOMRAM    000000
__Hcinit                              cinit        000000
__Hclrtext                            clrtext      000000
__Hcomram                             comram       000000
__Hconfig                             config       30000E
__Hconst                              const        000000
__HcstackCOMRAM                       cstackCOMRAM 000000
__Hdata                               data         000000
__HdataBANK0                          dataBANK0    000000
__HdataCOMRAM                         dataCOMRAM   000000
__Heeprom_data                        eeprom_data  000000
__Hfarbss                             farbss       000000
__Hfardata                            fardata      000000
__Hheap                               heap         000000
__Hibigdata                           ibigdata     000000
__Hidata                              idata        000000
__HidataBANK0                         idataBANK0   000000
__HidataCOMRAM                        idataCOMRAM  000000
__Hidloc                              idloc        200008
__Hifardata                           ifardata     000000
__Hinit                               init         000012
__Hintcode                            intcode      00000E
__Hintcode_body                       intcode_body 000000
__Hintcodelo                          intcodelo    00000E
__Hintentry                           intentry     000000
__Hintret                             intret       000000
__Hintsave_regs                       intsave_regs 000000
__Hirdata                             irdata       000000
__Hmediumconst                        mediumconst  000000
__HnvFARRAM                           nvFARRAM     000000
__Hnvbit                              nvbit        000000
__Hnvrram                             nvrram       000000
__Hparam                              rparam       000000
__Hpowerup                            powerup      00000E
__Hram                                ram          000000
__Hramtop                             ramtop       001000
__Hrbit                               rbit         000000
__Hrbss                               rbss         000000
__Hrdata                              rdata        000000
__Hreset_vec                          reset_vec    000004
__Hrparam                             rparam       000000
__Hsfr                                sfr          000000
__Hsmallconst                         smallconst   001012
__Hspace_0                            (abs)        001940
__Hspace_1                            (abs)        0000A9
__Hspace_2                            (abs)        000000
__Hspace_4                            (abs)        60000E
__Hstack                              stack        000000
__Hstruct                             struct       000000
__Htemp                               temp         000060
__Htext                               text         000000
__Htext0                              text0        000000
__Htext1                              text1        000000
__Htext10                             text10       000000
__Htext12                             text12       000000
__Htext13                             text13       000000
__Htext14                             text14       000000
__Htext15                             text15       000000
__Htext16                             text16       000000
__Htext17                             text17       000000
__Htext18                             text18       000000
__Htext19                             text19       000000
__Htext2                              text2        000000
__Htext20                             text20       000000
__Htext21                             text21       000000
__Htext22                             text22       000000
__Htext3                              text3        000000
__Htext4                              text4        000000
__Htext5                              text5        000000
__Htext6                              text6        000000
__Htext7                              text7        000000
__Htext8                              text8        000000
__Htext9                              text9        000000
__LRAM                                (abs)        000001
__Labs1                               abs1         000000
__Lbank0                              bank0        000000
__Lbank1                              bank1        000000
__Lbank10                             bank10       000000
__Lbank11                             bank11       000000
__Lbank12                             bank12       000000
__Lbank13                             bank13       000000
__Lbank14                             bank14       000000
__Lbank15                             bank15       000000
__Lbank2                              bank2        000000
__Lbank3                              bank3        000000
__Lbank4                              bank4        000000
__Lbank5                              bank5        000000
__Lbank6                              bank6        000000
__Lbank7                              bank7        000000
__Lbank8                              bank8        000000
__Lbank9                              bank9        000000
__Lbigbss                             bigbss       000000
__Lbigdata                            bigdata      000000
__Lbigram                             bigram       000000
__Lbigsfr                             bigsfr       000000
__Lbss                                bss          000000
__LbssCOMRAM                          bssCOMRAM    000000
__Lcinit                              cinit        000000
__Lclrtext                            clrtext      000000
__Lcomram                             comram       000000
__Lconfig                             config       000000
__Lconst                              const        000000
__LcstackCOMRAM                       cstackCOMRAM 000000
__Ldata                               data         000000
__LdataBANK0                          dataBANK0    000000
__LdataCOMRAM                         dataCOMRAM   000000
__Leeprom_data                        eeprom_data  000000
__Lfarbss                             farbss       000000
__Lfardata                            fardata      000000
__Lheap                               heap         000000
__Libigdata                           ibigdata     000000
__Lidata                              idata        000000
__LidataBANK0                         idataBANK0   000000
__LidataCOMRAM                        idataCOMRAM  000000
__Lidloc                              idloc        000000
__Lifardata                           ifardata     000000
__Linit                               init         00000E
__Lintcode                            intcode      000008
__Lintcode_body                       intcode_body 000000
__Lintcodelo                          intcodelo    00000E
__Lintentry                           intentry     000000
__Lintret                             intret       000000
__Lintsave_regs                       intsave_regs 000000
__Lirdata                             irdata       000000
__Lmediumconst                        mediumconst  000000
__LnvFARRAM                           nvFARRAM     000000
__Lnvbit                              nvbit        000000
__Lnvrram                             nvrram       000000
__Lparam                              rparam       000000
__Lpowerup                            powerup      00000E
__Lram                                ram          000000
__Lramtop                             ramtop       001000
__Lrbit                               rbit         000000
__Lrbss                               rbss         000000
__Lrdata                              rdata        000000
__Lreset_vec                          reset_vec    000000
__Lrparam                             rparam       000000
__Lsfr                                sfr          000000
__Lsmallconst                         smallconst   001000
__Lspace_0                            (abs)        000000
__Lspace_1                            (abs)        000000
__Lspace_2                            (abs)        000000
__Lspace_4                            (abs)        000000
__Lstack                              stack        000000
__Lstruct                             struct       000000
__Ltemp                               temp         00005F
__Ltext                               text         000000
__Ltext0                              text0        000000
__Ltext1                              text1        000000
__Ltext10                             text10       000000
__Ltext12                             text12       000000
__Ltext13                             text13       000000
__Ltext14                             text14       000000
__Ltext15                             text15       000000
__Ltext16                             text16       000000
__Ltext17                             text17       000000
__Ltext18                             text18       000000
__Ltext19                             text19       000000
__Ltext2                              text2        000000
__Ltext20                             text20       000000
__Ltext21                             text21       000000
__Ltext22                             text22       000000
__Ltext3                              text3        000000
__Ltext4                              text4        000000
__Ltext5                              text5        000000
__Ltext6                              text6        000000
__Ltext7                              text7        000000
__Ltext8                              text8        000000
__Ltext9                              text9        000000
__S0                                  (abs)        001940
__S1                                  (abs)        0000A9
__S4                                  (abs)        000000
__S5                                  (abs)        000000
___heap_hi                            (abs)        000000
___heap_lo                            (abs)        000000
___inthi_sp                           stack        000000
___intlo_sp                           stack        000000
___param_bank                         (abs)        000000
___rparam_used                        (abs)        000001
___sp                                 stack        000000
__accesstop                           (abs)        000080
__activetblptr                        (abs)        000003
__end_of_ADC_ISR                      text21       001940
__end_of_INT0_ISR                     text20       00193C
__end_of_INT1_ISR                     text19       001938
__end_of_INT2_ISR                     text18       001934
__end_of_InterruptManager             intcode_body 001318
__end_of_TIMER0_ISR                   text17       001930
__end_of_TIMER1_ISR                   text12       0018D8
__end_of_TOGGLE_LED                   text13       00187A
__end_of__initialization              cinit        001798
__end_of_gpio_pin_init_direction      text10       001120
__end_of_gpio_pin_set_state           text9        001222
__end_of_gpio_pin_toggle_state        text16       00155C
__end_of_keypad_val                   smallconst   001011
__end_of_led_init                     text8        0015C4
__end_of_led_toggle                   text15       0017F6
__end_of_led_turn_on                  text7        001842
__end_of_main                         text0        0018AA
__end_of_timer1_init                  text1        00162A
__end_of_timer1_setValue              text14       001690
__end_of_timer_checkInterrupt         text6        001456
__end_of_timer_selectMode             text5        00174C
__end_of_timer_setDefaultPreloadValue text4        0013BA
__end_of_timer_setPrescalar           text3        0014E6
__end_of_timer_set_RW_Mode            text2        0016F2
__initialization                      cinit        00174C
__mediumconst                         mediumconst  000000
__pbssCOMRAM                          bssCOMRAM    000050
__pcinit                              cinit        00174C
__pcstackCOMRAM                       cstackCOMRAM 00002B
__pdataBANK0                          dataBANK0    000080
__pdataCOMRAM                         dataCOMRAM   000001
__pidataBANK0                         idataBANK0   001902
__pidataCOMRAM                        idataCOMRAM  0018D8
__pintcode                            intcode      000008
__pintcode_body                       intcode_body 001222
__psmallconst                         smallconst   001000
__ptext0                              text0        00187A
__ptext1                              text1        0015C4
__ptext10                             text10       001012
__ptext12                             text12       0018AA
__ptext13                             text13       001842
__ptext14                             text14       00162A
__ptext15                             text15       0017A2
__ptext16                             text16       0014E6
__ptext17                             text17       00192C
__ptext18                             text18       001930
__ptext19                             text19       001934
__ptext2                              text2        001690
__ptext20                             text20       001938
__ptext21                             text21       00193C
__ptext22                             text22       000000
__ptext3                              text3        001456
__ptext4                              text4        001318
__ptext5                              text5        0016F2
__ptext6                              text6        0013BA
__ptext7                              text7        0017F6
__ptext8                              text8        00155C
__ptext9                              text9        001120
__ramtop                              ramtop       001000
__smallconst                          smallconst   001000
_count                                bssCOMRAM    00005E
_count2                               bssCOMRAM    00005D
_gpio_pin_init_direction              text10       001012
_gpio_pin_set_state                   text9        001120
_gpio_pin_toggle_state                text16       0014E6
_lat_registers                        dataCOMRAM   00000B
_lcd1                                 dataBANK0    000080
_led1                                 dataCOMRAM   000028
_led_init                             text8        00155C
_led_toggle                           text15       0017A2
_led_turn_on                          text7        0017F6
_main                                 text0        00187A
_port_registers                       dataCOMRAM   000001
_timer                                dataCOMRAM   00001F
_timer1_init                          text1        0015C4
_timer1_setValue                      text14       00162A
_timer_checkInterrupt                 text6        0013BA
_timer_selectMode                     text5        0016F2
_timer_setDefaultPreloadValue         text4        001318
_timer_setPrescalar                   text3        001456
_timer_set_RW_Mode                    text2        001690
_tris_registers                       dataCOMRAM   000015
btemp                                 temp         00005F
end_of_initialization                 cinit        001798
gpio_pin_init_direction@e_check       cstackCOMRAM 000047
gpio_pin_init_direction@pin_config    cstackCOMRAM 00003F
gpio_pin_set_state@e_check            cstackCOMRAM 000048
gpio_pin_set_state@pin_config         cstackCOMRAM 00003F
gpio_pin_set_state@state              cstackCOMRAM 000041
gpio_pin_toggle_state@e_check         cstackCOMRAM 000032
gpio_pin_toggle_state@pin_config      cstackCOMRAM 00002B
int$flags                             temp         00005F
int_func                              intcode_body 001222
intlevel0                             text         000000
intlevel1                             text         000000
intlevel2                             text         000000
intlevel3                             text         000000
isa$std                               (abs)        000001
isa$xinst                             (abs)        000000
led_init@e_check                      cstackCOMRAM 00004B
led_init@led                          cstackCOMRAM 000049
led_init@pin_config                   cstackCOMRAM 00004C
led_toggle@led                        cstackCOMRAM 000033
led_toggle@pin_config                 cstackCOMRAM 000035
led_turn_on@led                       cstackCOMRAM 000049
led_turn_on@pin_config                cstackCOMRAM 00004B
stackhi                               (abs)        000000
stacklo                               (abs)        000000
start                                 init         00000E
start_initialization                  cinit        00174C
timer1_init@e_check                   cstackCOMRAM 000046
timer1_init@timer1                    cstackCOMRAM 000044
timer1_setValue@timer1                cstackCOMRAM 00002B
timer1_setValue@value                 cstackCOMRAM 00002D
timer_checkInterrupt@e_check          cstackCOMRAM 000043
timer_checkInterrupt@timer1           cstackCOMRAM 00003F
timer_selectMode@e_check              cstackCOMRAM 000042
timer_selectMode@timer1               cstackCOMRAM 00003F
timer_setDefaultPreloadValue@e_check  cstackCOMRAM 000043
timer_setDefaultPreloadValue@timer1   cstackCOMRAM 00003F
timer_setPrescalar@e_check            cstackCOMRAM 000043
timer_setPrescalar@timer1             cstackCOMRAM 00003F
timer_set_RW_Mode@e_check             cstackCOMRAM 000042
timer_set_RW_Mode@timer1              cstackCOMRAM 00003F
ttemp5                                temp         000060
ttemp6                                temp         000063
ttemp7                                temp         000067
wtemp8                                temp         000060


MODULE INFORMATION

Module		Function		Class		Link	Load	Size
ECU_Layer/LED/led.c
		_led_init      		CODE           	155C	0000	104
		_led_turn_on   		CODE           	17F6	0000	76
		_led_toggle    		CODE           	17A2	0000	84

ECU_Layer/LED/led.c estimated size: 264

MCAL_Layer/TIMER0/timer0.c
		_TIMER0_ISR    		CODE           	192C	0000	4

MCAL_Layer/TIMER0/timer0.c estimated size: 4

MCAL_Layer/Interrupt_Manager/interrupt_cfg.c
		_InterruptManager		CODE           	0008	0000	252

MCAL_Layer/Interrupt_Manager/interrupt_cfg.c estimated size: 252

MCAL_Layer/External_Interrupt/external_interrupt.c
		_INT0_ISR      		CODE           	1938	0000	4
		_INT1_ISR      		CODE           	1934	0000	4
		_INT2_ISR      		CODE           	1930	0000	4

MCAL_Layer/External_Interrupt/external_interrupt.c estimated size: 12

MCAL_Layer/GPIO/gpio.c
		_gpio_pin_toggle_state		CODE           	14E6	0000	118
		_gpio_pin_set_state		CODE           	1120	0000	258
		_gpio_pin_init_direction		CODE           	1012	0000	270

MCAL_Layer/GPIO/gpio.c estimated size: 646

MCAL_Layer/ADC/adc.c
		_ADC_ISR       		CODE           	193C	0000	4

MCAL_Layer/ADC/adc.c estimated size: 4

shared
		__initialization		CODE           	174C	0000	76
		_keypad_val    		SMALLCONST     	0000	0000	0

shared estimated size: 76

application.c
		_TOGGLE_LED    		CODE           	1842	0000	56
		_main          		CODE           	187A	0000	48

application.c estimated size: 104

MCAL_Layer/TIMER1/timer1.c
		_timer_checkInterrupt		CODE           	13BA	0000	156
		_TIMER1_ISR    		CODE           	18AA	0000	46
		_timer1_setValue		CODE           	162A	0000	102
		_timer_selectMode		CODE           	16F2	0000	90
		_timer_set_RW_Mode		CODE           	1690	0000	98
		_timer1_init   		CODE           	15C4	0000	102
		_timer_setDefaultPreloadValue		CODE           	1318	0000	162
		_timer_setPrescalar		CODE           	1456	0000	144

MCAL_Layer/TIMER1/timer1.c estimated size: 900

